// Jest Snapshot v1, https://goo.gl/fbAQLP

exports[`Testing DateHeader Component DateHeader Unit Values Given DateHeader When not passing a unit then the date header unit should be same as timeline unit 1`] = `
Array [
  "10/24/2018 12:00 am",
  "10/25/2018 12:00 am",
  "10/26/2018 12:00 am",
  "10/27/2018 12:00 am",
]
`;

exports[`Testing DateHeader Component DateHeader Unit Values Given DateHeader When passing a unit then the date header unit should be same as unit passed 1`] = `
Array [
  "10/24/2018 11:00 pm",
  "10/25/2018 12:00 am",
  "10/25/2018 01:00 am",
  "10/25/2018 02:00 am",
  "10/25/2018 03:00 am",
  "10/25/2018 04:00 am",
  "10/25/2018 05:00 am",
  "10/25/2018 06:00 am",
  "10/25/2018 07:00 am",
  "10/25/2018 08:00 am",
  "10/25/2018 09:00 am",
  "10/25/2018 10:00 am",
  "10/25/2018 11:00 am",
  "10/25/2018 12:00 pm",
  "10/25/2018 01:00 pm",
  "10/25/2018 02:00 pm",
  "10/25/2018 03:00 pm",
  "10/25/2018 04:00 pm",
  "10/25/2018 05:00 pm",
  "10/25/2018 06:00 pm",
  "10/25/2018 07:00 pm",
  "10/25/2018 08:00 pm",
  "10/25/2018 09:00 pm",
  "10/25/2018 10:00 pm",
  "10/25/2018 11:00 pm",
  "10/26/2018 12:00 am",
  "10/26/2018 01:00 am",
  "10/26/2018 02:00 am",
  "10/26/2018 03:00 am",
  "10/26/2018 04:00 am",
  "10/26/2018 05:00 am",
  "10/26/2018 06:00 am",
  "10/26/2018 07:00 am",
  "10/26/2018 08:00 am",
  "10/26/2018 09:00 am",
  "10/26/2018 10:00 am",
  "10/26/2018 11:00 am",
  "10/26/2018 12:00 pm",
  "10/26/2018 01:00 pm",
  "10/26/2018 02:00 pm",
  "10/26/2018 03:00 pm",
  "10/26/2018 04:00 pm",
  "10/26/2018 05:00 pm",
  "10/26/2018 06:00 pm",
  "10/26/2018 07:00 pm",
  "10/26/2018 08:00 pm",
  "10/26/2018 09:00 pm",
  "10/26/2018 10:00 pm",
  "10/26/2018 11:00 pm",
  "10/27/2018 12:00 am",
  "10/27/2018 01:00 am",
  "10/27/2018 02:00 am",
  "10/27/2018 03:00 am",
  "10/27/2018 04:00 am",
  "10/27/2018 05:00 am",
  "10/27/2018 06:00 am",
  "10/27/2018 07:00 am",
  "10/27/2018 08:00 am",
  "10/27/2018 09:00 am",
  "10/27/2018 10:00 am",
  "10/27/2018 11:00 am",
  "10/27/2018 12:00 pm",
  "10/27/2018 01:00 pm",
  "10/27/2018 02:00 pm",
  "10/27/2018 03:00 pm",
  "10/27/2018 04:00 pm",
  "10/27/2018 05:00 pm",
  "10/27/2018 06:00 pm",
  "10/27/2018 07:00 pm",
  "10/27/2018 08:00 pm",
  "10/27/2018 09:00 pm",
  "10/27/2018 10:00 pm",
]
`;

exports[`Testing DateHeader Component DateHeader Unit Values Given DateHeader When passing primaryHeader Then the header unit should be bigger the timeline unit 1`] = `
Array [
  "10/01/2018 12:00 am",
]
`;

exports[`Testing DateHeader Component DateHeader Unit Values Given DateHeader When passing secondaryHeader Then the header unit should be same as the timeline unit 1`] = `
Array [
  "10/24/2018 12:00 am",
  "10/25/2018 12:00 am",
  "10/26/2018 12:00 am",
  "10/27/2018 12:00 am",
]
`;
