// Jest Snapshot v1, https://goo.gl/fbAQLP

exports[`groupNoStack works as expected 1`] = `
Object {
  "groupHeight": 0,
  "verticalMargin": 0,
}
`;
